

================================================================
== Vitis HLS Report for 'nn_inference'
================================================================
* Date:           Tue Nov 21 15:54:21 2023

* Version:        2020.2 (Build 3064766 on Wed Nov 18 09:12:47 MST 2020)
* Project:        NN
* Solution:       solution1 (Vivado IP Flow Target)
* Product family: zynq
* Target device:  xc7z020-clg400-1


================================================================
== Performance Estimates
================================================================
+ Timing: 
    * Summary: 
    +--------+----------+----------+------------+
    |  Clock |  Target  | Estimated| Uncertainty|
    +--------+----------+----------+------------+
    |ap_clk  |  10.00 ns|  7.238 ns|     2.70 ns|
    +--------+----------+----------+------------+

+ Latency: 
    * Summary: 
    +---------+---------+----------+----------+-------+-------+---------+
    |  Latency (cycles) |  Latency (absolute) |    Interval   | Pipeline|
    |   min   |   max   |    min   |    max   |  min  |  max  |   Type  |
    +---------+---------+----------+----------+-------+-------+---------+
    |    65022|    65022|  0.650 ms|  0.650 ms|  65023|  65023|     none|
    +---------+---------+----------+----------+-------+-------+---------+

    + Detail: 
        * Instance: 
        N/A

        * Loop: 
        +------------------+---------+---------+----------+-----------+-----------+-------+----------+
        |                  |  Latency (cycles) | Iteration|  Initiation Interval  |  Trip |          |
        |     Loop Name    |   min   |   max   |  Latency |  achieved |   target  | Count | Pipelined|
        +------------------+---------+---------+----------+-----------+-----------+-------+----------+
        |- VITIS_LOOP_5_1  |      774|      774|         8|          1|          1|    768|       yes|
        |- col_prod        |    61444|    61444|         6|          1|          1|  61440|       yes|
        |- loop1           |       87|       87|         9|          1|          1|     80|       yes|
        |- col_prod        |     2564|     2564|         6|          1|          1|   2560|       yes|
        |- loop1           |       39|       39|         9|          1|          1|     32|       yes|
        |- col             |       34|       34|        20|          1|          1|     16|       yes|
        |- loop1           |       23|       23|         9|          1|          1|     16|       yes|
        |- col             |       12|       12|        11|          1|          1|      3|       yes|
        |- loop1           |        3|        3|         1|          1|          1|      3|       yes|
        +------------------+---------+---------+----------+-----------+-----------+-------+----------+



================================================================
== Utilization Estimates
================================================================
* Summary: 
+-----------------+---------+-----+--------+-------+-----+
|       Name      | BRAM_18K| DSP |   FF   |  LUT  | URAM|
+-----------------+---------+-----+--------+-------+-----+
|DSP              |        -|    -|       -|      -|    -|
|Expression       |        -|    -|       0|   7043|    -|
|FIFO             |        -|    -|       -|      -|    -|
|Instance         |        -|    0|    8250|   2738|    -|
|Memory           |       35|    -|     320|     72|    -|
|Multiplexer      |        -|    -|       -|   1015|    -|
|Register         |        -|    -|   10738|    864|    -|
+-----------------+---------+-----+--------+-------+-----+
|Total            |       35|    0|   19308|  11732|    0|
+-----------------+---------+-----+--------+-------+-----+
|Available        |      280|  220|  106400|  53200|    0|
+-----------------+---------+-----+--------+-------+-----+
|Utilization (%)  |       12|    0|      18|     22|    0|
+-----------------+---------+-----+--------+-------+-----+

+ Detail: 
    * Instance: 
    +--------------------------------+-----------------------------+---------+----+-----+----+-----+
    |            Instance            |            Module           | BRAM_18K| DSP|  FF | LUT| URAM|
    +--------------------------------+-----------------------------+---------+----+-----+----+-----+
    |dcmp_64ns_64ns_1_2_no_dsp_1_U2  |dcmp_64ns_64ns_1_2_no_dsp_1  |        0|   0|    0|   0|    0|
    |fpext_32ns_64_2_no_dsp_1_U1     |fpext_32ns_64_2_no_dsp_1     |        0|   0|    0|   0|    0|
    |mul_32s_32s_40_2_1_U40          |mul_32s_32s_40_2_1           |        0|   0|  165|  50|    0|
    |mul_32s_32s_40_2_1_U41          |mul_32s_32s_40_2_1           |        0|   0|  165|  50|    0|
    |mul_32s_32s_40_2_1_U42          |mul_32s_32s_40_2_1           |        0|   0|  165|  50|    0|
    |mul_32s_32s_40_2_1_U45          |mul_32s_32s_40_2_1           |        0|   0|  165|  50|    0|
    |mul_32s_32s_40_2_1_U46          |mul_32s_32s_40_2_1           |        0|   0|  165|  50|    0|
    |mul_32s_32s_40_2_1_U49          |mul_32s_32s_40_2_1           |        0|   0|  165|  50|    0|
    |mul_32s_32s_40_2_1_U50          |mul_32s_32s_40_2_1           |        0|   0|  165|  50|    0|
    |mul_32s_32s_40_2_1_U53          |mul_32s_32s_40_2_1           |        0|   0|  165|  50|    0|
    |mul_32s_32s_40_2_1_U54          |mul_32s_32s_40_2_1           |        0|   0|  165|  50|    0|
    |mul_32s_32s_40_2_1_U57          |mul_32s_32s_40_2_1           |        0|   0|  165|  50|    0|
    |mul_32s_32s_40_2_1_U58          |mul_32s_32s_40_2_1           |        0|   0|  165|  50|    0|
    |mul_32s_32s_40_2_1_U61          |mul_32s_32s_40_2_1           |        0|   0|  165|  50|    0|
    |mul_32s_32s_40_2_1_U62          |mul_32s_32s_40_2_1           |        0|   0|  165|  50|    0|
    |mul_32s_32s_40_2_1_U65          |mul_32s_32s_40_2_1           |        0|   0|  165|  50|    0|
    |mul_32s_32s_40_2_1_U66          |mul_32s_32s_40_2_1           |        0|   0|  165|  50|    0|
    |mul_32s_32s_40_2_1_U68          |mul_32s_32s_40_2_1           |        0|   0|  165|  50|    0|
    |mul_7s_32s_39_2_1_U3            |mul_7s_32s_39_2_1            |        0|   0|  165|  50|    0|
    |mul_8s_32s_40_2_1_U4            |mul_8s_32s_40_2_1            |        0|   0|  165|  50|    0|
    |mul_8s_32s_40_2_1_U5            |mul_8s_32s_40_2_1            |        0|   0|  165|  50|    0|
    |mul_8s_32s_40_2_1_U6            |mul_8s_32s_40_2_1            |        0|   0|  165|  50|    0|
    |mul_8s_32s_40_2_1_U7            |mul_8s_32s_40_2_1            |        0|   0|  165|  50|    0|
    |mul_8s_32s_40_2_1_U8            |mul_8s_32s_40_2_1            |        0|   0|  165|  50|    0|
    |mul_8s_32s_40_2_1_U9            |mul_8s_32s_40_2_1            |        0|   0|  165|  50|    0|
    |mul_8s_32s_40_2_1_U10           |mul_8s_32s_40_2_1            |        0|   0|  165|  50|    0|
    |mul_8s_32s_40_2_1_U11           |mul_8s_32s_40_2_1            |        0|   0|  165|  50|    0|
    |mul_8s_32s_40_2_1_U12           |mul_8s_32s_40_2_1            |        0|   0|  165|  50|    0|
    |mul_8s_32s_40_2_1_U13           |mul_8s_32s_40_2_1            |        0|   0|  165|  50|    0|
    |mul_8s_32s_40_2_1_U14           |mul_8s_32s_40_2_1            |        0|   0|  165|  50|    0|
    |mul_8s_32s_40_2_1_U15           |mul_8s_32s_40_2_1            |        0|   0|  165|  50|    0|
    |mul_8s_32s_40_2_1_U16           |mul_8s_32s_40_2_1            |        0|   0|  165|  50|    0|
    |mul_8s_32s_40_2_1_U17           |mul_8s_32s_40_2_1            |        0|   0|  165|  50|    0|
    |mul_8s_32s_40_2_1_U18           |mul_8s_32s_40_2_1            |        0|   0|  165|  50|    0|
    |mul_8s_32s_40_2_1_U19           |mul_8s_32s_40_2_1            |        0|   0|  165|  50|    0|
    |mul_8s_32s_40_2_1_U20           |mul_8s_32s_40_2_1            |        0|   0|  165|  50|    0|
    |mul_8s_32s_40_2_1_U21           |mul_8s_32s_40_2_1            |        0|   0|  165|  50|    0|
    |mul_8s_32s_40_2_1_U22           |mul_8s_32s_40_2_1            |        0|   0|  165|  50|    0|
    |mul_8s_32s_40_2_1_U23           |mul_8s_32s_40_2_1            |        0|   0|  165|  50|    0|
    |mul_8s_32s_40_2_1_U24           |mul_8s_32s_40_2_1            |        0|   0|  165|  50|    0|
    |mul_8s_32s_40_2_1_U25           |mul_8s_32s_40_2_1            |        0|   0|  165|  50|    0|
    |mul_8s_32s_40_2_1_U26           |mul_8s_32s_40_2_1            |        0|   0|  165|  50|    0|
    |mul_8s_32s_40_2_1_U27           |mul_8s_32s_40_2_1            |        0|   0|  165|  50|    0|
    |mul_8s_32s_40_2_1_U28           |mul_8s_32s_40_2_1            |        0|   0|  165|  50|    0|
    |mul_8s_32s_40_2_1_U29           |mul_8s_32s_40_2_1            |        0|   0|  165|  50|    0|
    |mul_8s_32s_40_2_1_U30           |mul_8s_32s_40_2_1            |        0|   0|  165|  50|    0|
    |mul_8s_32s_40_2_1_U31           |mul_8s_32s_40_2_1            |        0|   0|  165|  50|    0|
    |mul_8s_32s_40_2_1_U32           |mul_8s_32s_40_2_1            |        0|   0|  165|  50|    0|
    |mul_8s_32s_40_2_1_U33           |mul_8s_32s_40_2_1            |        0|   0|  165|  50|    0|
    |mul_8s_32s_40_2_1_U34           |mul_8s_32s_40_2_1            |        0|   0|  165|  50|    0|
    |mul_8s_32s_40_2_1_U35           |mul_8s_32s_40_2_1            |        0|   0|  165|  50|    0|
    |mul_8s_32s_40_2_1_U36           |mul_8s_32s_40_2_1            |        0|   0|  165|  50|    0|
    |mux_32_32_1_1_U37               |mux_32_32_1_1                |        0|   0|    0|  14|    0|
    |mux_32_32_1_1_U38               |mux_32_32_1_1                |        0|   0|    0|  14|    0|
    |mux_32_32_1_1_U39               |mux_32_32_1_1                |        0|   0|    0|  14|    0|
    |mux_32_32_1_1_U43               |mux_32_32_1_1                |        0|   0|    0|  14|    0|
    |mux_32_32_1_1_U44               |mux_32_32_1_1                |        0|   0|    0|  14|    0|
    |mux_32_32_1_1_U47               |mux_32_32_1_1                |        0|   0|    0|  14|    0|
    |mux_32_32_1_1_U48               |mux_32_32_1_1                |        0|   0|    0|  14|    0|
    |mux_32_32_1_1_U51               |mux_32_32_1_1                |        0|   0|    0|  14|    0|
    |mux_32_32_1_1_U52               |mux_32_32_1_1                |        0|   0|    0|  14|    0|
    |mux_32_32_1_1_U55               |mux_32_32_1_1                |        0|   0|    0|  14|    0|
    |mux_32_32_1_1_U56               |mux_32_32_1_1                |        0|   0|    0|  14|    0|
    |mux_32_32_1_1_U59               |mux_32_32_1_1                |        0|   0|    0|  14|    0|
    |mux_32_32_1_1_U60               |mux_32_32_1_1                |        0|   0|    0|  14|    0|
    |mux_32_32_1_1_U63               |mux_32_32_1_1                |        0|   0|    0|  14|    0|
    |mux_32_32_1_1_U64               |mux_32_32_1_1                |        0|   0|    0|  14|    0|
    |mux_32_32_1_1_U67               |mux_32_32_1_1                |        0|   0|    0|  14|    0|
    |mux_32_32_1_1_U69               |mux_32_32_1_1                |        0|   0|    0|  14|    0|
    +--------------------------------+-----------------------------+---------+----+-----+----+-----+
    |Total                           |                             |        0|   0| 8250|2738|    0|
    +--------------------------------+-----------------------------+---------+----+-----+----+-----+

    * DSP: 
    N/A

    * Memory: 
    +----------------------------+--------------------------+---------+----+----+-----+-------+-----+------+-------------+
    |           Memory           |          Module          | BRAM_18K| FF | LUT| URAM| Words | Bits| Banks| W*Bits*Banks|
    +----------------------------+--------------------------+---------+----+----+-----+-------+-----+------+-------------+
    |fp_input_img_V_U            |fp_input_img_V            |        2|   0|   0|    0|    768|   32|     1|        24576|
    |layer3_weights_V_0_U        |layer3_weights_V_0        |        0|   8|   2|    0|     16|    8|     1|          128|
    |layer3_weights_V_1_U        |layer3_weights_V_1        |        0|   8|   2|    0|     16|    8|     1|          128|
    |layer3_weights_V_10_U       |layer3_weights_V_10       |        0|   8|   2|    0|     16|    8|     1|          128|
    |layer3_weights_V_11_U       |layer3_weights_V_11       |        0|   8|   2|    0|     16|    8|     1|          128|
    |layer3_weights_V_12_U       |layer3_weights_V_12       |        0|   8|   2|    0|     16|    8|     1|          128|
    |layer3_weights_V_13_U       |layer3_weights_V_13       |        0|   8|   2|    0|     16|    8|     1|          128|
    |layer3_weights_V_14_U       |layer3_weights_V_14       |        0|   8|   2|    0|     16|    8|     1|          128|
    |layer3_weights_V_15_U       |layer3_weights_V_15       |        0|   8|   2|    0|     16|    8|     1|          128|
    |layer3_weights_V_16_U       |layer3_weights_V_16       |        0|   8|   2|    0|     16|    8|     1|          128|
    |layer3_weights_V_17_U       |layer3_weights_V_17       |        0|   8|   2|    0|     16|    8|     1|          128|
    |layer3_weights_V_18_U       |layer3_weights_V_18       |        0|   8|   2|    0|     16|    8|     1|          128|
    |layer3_weights_V_19_U       |layer3_weights_V_19       |        0|   8|   2|    0|     16|    8|     1|          128|
    |layer3_weights_V_2_U        |layer3_weights_V_2        |        0|   8|   2|    0|     16|    8|     1|          128|
    |layer3_weights_V_20_U       |layer3_weights_V_20       |        0|   8|   2|    0|     16|    8|     1|          128|
    |layer3_weights_V_21_U       |layer3_weights_V_21       |        0|   8|   2|    0|     16|    8|     1|          128|
    |layer3_weights_V_22_U       |layer3_weights_V_22       |        0|   8|   2|    0|     16|    8|     1|          128|
    |layer3_weights_V_23_U       |layer3_weights_V_23       |        0|   8|   2|    0|     16|    8|     1|          128|
    |layer3_weights_V_24_U       |layer3_weights_V_24       |        0|   8|   2|    0|     16|    8|     1|          128|
    |layer3_weights_V_25_U       |layer3_weights_V_25       |        0|   8|   2|    0|     16|    8|     1|          128|
    |layer3_weights_V_26_U       |layer3_weights_V_26       |        0|   8|   2|    0|     16|    8|     1|          128|
    |layer3_weights_V_27_U       |layer3_weights_V_27       |        0|   8|   2|    0|     16|    8|     1|          128|
    |layer3_weights_V_28_U       |layer3_weights_V_28       |        0|   8|   2|    0|     16|    8|     1|          128|
    |layer3_weights_V_29_U       |layer3_weights_V_29       |        0|   8|   2|    0|     16|    8|     1|          128|
    |layer3_weights_V_3_U        |layer3_weights_V_3        |        0|   8|   2|    0|     16|    8|     1|          128|
    |layer3_weights_V_30_U       |layer3_weights_V_30       |        0|   8|   2|    0|     16|    8|     1|          128|
    |layer3_weights_V_31_U       |layer3_weights_V_31       |        0|   8|   2|    0|     16|    8|     1|          128|
    |layer3_weights_V_4_U        |layer3_weights_V_4        |        0|   8|   2|    0|     16|    8|     1|          128|
    |layer3_weights_V_5_U        |layer3_weights_V_5        |        0|   8|   2|    0|     16|    8|     1|          128|
    |layer3_weights_V_6_U        |layer3_weights_V_6        |        0|   8|   2|    0|     16|    8|     1|          128|
    |layer3_weights_V_7_U        |layer3_weights_V_7        |        0|   8|   2|    0|     16|    8|     1|          128|
    |layer3_weights_V_8_U        |layer3_weights_V_8        |        0|   8|   2|    0|     16|    8|     1|          128|
    |layer3_weights_V_9_U        |layer3_weights_V_9        |        0|   8|   2|    0|     16|    8|     1|          128|
    |temp_output2_0_V_U          |temp_output2_0_V          |        2|   0|   0|    0|     32|   32|     1|         1024|
    |temp_output3_0_V_U          |temp_output3_0_V          |        0|  64|   8|    0|     16|   32|     1|          512|
    |temp_output_0_V_U           |temp_output_0_V           |        1|   0|   0|    0|     80|   32|     1|         2560|
    |weights_layer1_weights_V_U  |weights_layer1_weights_V  |       28|   0|   0|    0|  61440|    7|     1|       430080|
    |weights_layer2_weights_V_U  |weights_layer2_weights_V  |        2|   0|   0|    0|   2560|    8|     1|        20480|
    +----------------------------+--------------------------+---------+----+----+-----+-------+-----+------+-------------+
    |Total                       |                          |       35| 320|  72|    0|  65408|  399|    38|       483328|
    +----------------------------+--------------------------+---------+----+----+-----+-------+-----+------+-------------+

    * FIFO: 
    N/A

    * Expression: 
    +---------------------------+----------+----+---+-----+------------+------------+
    |       Variable Name       | Operation| DSP| FF| LUT | Bitwidth P0| Bitwidth P1|
    +---------------------------+----------+----+---+-----+------------+------------+
    |add_ln107_fu_2482_p2       |         +|   0|  0|   14|           6|           1|
    |add_ln1118_1_fu_1973_p2    |         +|   0|  0|   11|          16|          16|
    |add_ln1118_2_fu_2423_p2    |         +|   0|  0|   12|          12|          12|
    |add_ln1118_fu_1967_p2      |         +|   0|  0|   11|          16|          16|
    |add_ln1192_10_fu_3284_p2   |         +|   0|  0|   47|          40|          40|
    |add_ln1192_11_fu_3307_p2   |         +|   0|  0|   47|          40|          40|
    |add_ln1192_12_fu_3345_p2   |         +|   0|  0|   47|          40|          40|
    |add_ln1192_13_fu_3368_p2   |         +|   0|  0|   47|          40|          40|
    |add_ln1192_14_fu_3406_p2   |         +|   0|  0|   47|          40|          40|
    |add_ln1192_15_fu_3429_p2   |         +|   0|  0|   47|          40|          40|
    |add_ln1192_16_fu_3467_p2   |         +|   0|  0|   47|          40|          40|
    |add_ln1192_17_fu_3490_p2   |         +|   0|  0|   47|          40|          40|
    |add_ln1192_18_fu_3528_p2   |         +|   0|  0|   47|          40|          40|
    |add_ln1192_19_fu_3551_p2   |         +|   0|  0|   47|          40|          40|
    |add_ln1192_1_fu_3002_p2    |         +|   0|  0|   47|          40|          40|
    |add_ln1192_20_fu_3589_p2   |         +|   0|  0|   47|          40|          40|
    |add_ln1192_21_fu_3612_p2   |         +|   0|  0|   47|          40|          40|
    |add_ln1192_22_fu_3650_p2   |         +|   0|  0|   47|          40|          40|
    |add_ln1192_23_fu_3673_p2   |         +|   0|  0|   47|          40|          40|
    |add_ln1192_24_fu_3711_p2   |         +|   0|  0|   47|          40|          40|
    |add_ln1192_25_fu_3734_p2   |         +|   0|  0|   47|          40|          40|
    |add_ln1192_26_fu_3772_p2   |         +|   0|  0|   47|          40|          40|
    |add_ln1192_27_fu_3795_p2   |         +|   0|  0|   47|          40|          40|
    |add_ln1192_28_fu_3825_p2   |         +|   0|  0|   47|          40|          40|
    |add_ln1192_29_fu_3848_p2   |         +|   0|  0|   47|          40|          40|
    |add_ln1192_2_fu_3040_p2    |         +|   0|  0|   47|          40|          40|
    |add_ln1192_30_fu_3870_p2   |         +|   0|  0|   47|          40|          40|
    |add_ln1192_32_fu_4417_p2   |         +|   0|  0|   47|          40|          40|
    |add_ln1192_33_fu_4440_p2   |         +|   0|  0|   47|          40|          40|
    |add_ln1192_34_fu_4502_p2   |         +|   0|  0|   47|          40|          40|
    |add_ln1192_35_fu_4525_p2   |         +|   0|  0|   47|          40|          40|
    |add_ln1192_36_fu_4587_p2   |         +|   0|  0|   47|          40|          40|
    |add_ln1192_37_fu_4610_p2   |         +|   0|  0|   47|          40|          40|
    |add_ln1192_38_fu_4672_p2   |         +|   0|  0|   47|          40|          40|
    |add_ln1192_39_fu_4695_p2   |         +|   0|  0|   47|          40|          40|
    |add_ln1192_3_fu_3063_p2    |         +|   0|  0|   47|          40|          40|
    |add_ln1192_40_fu_4757_p2   |         +|   0|  0|   47|          40|          40|
    |add_ln1192_41_fu_4780_p2   |         +|   0|  0|   47|          40|          40|
    |add_ln1192_42_fu_4830_p2   |         +|   0|  0|   47|          40|          40|
    |add_ln1192_43_fu_4853_p2   |         +|   0|  0|   47|          40|          40|
    |add_ln1192_44_fu_4883_p2   |         +|   0|  0|   47|          40|          40|
    |add_ln1192_45_fu_4906_p2   |         +|   0|  0|   47|          40|          40|
    |add_ln1192_46_fu_4928_p2   |         +|   0|  0|   47|          40|          40|
    |add_ln1192_4_fu_3101_p2    |         +|   0|  0|   47|          40|          40|
    |add_ln1192_5_fu_3124_p2    |         +|   0|  0|   47|          40|          40|
    |add_ln1192_6_fu_3162_p2    |         +|   0|  0|   47|          40|          40|
    |add_ln1192_7_fu_3185_p2    |         +|   0|  0|   47|          40|          40|
    |add_ln1192_8_fu_3223_p2    |         +|   0|  0|   47|          40|          40|
    |add_ln1192_9_fu_3246_p2    |         +|   0|  0|   47|          40|          40|
    |add_ln1192_fu_2979_p2      |         +|   0|  0|   47|          40|          40|
    |add_ln120_fu_3886_p2       |         +|   0|  0|   13|           5|           1|
    |add_ln138_fu_4958_p2       |         +|   0|  0|   10|           2|           1|
    |add_ln21_1_fu_1890_p2      |         +|   0|  0|   23|          16|           1|
    |add_ln21_fu_1902_p2        |         +|   0|  0|   14|           7|           1|
    |add_ln25_fu_1930_p2        |         +|   0|  0|   13|          10|           1|
    |add_ln40_1_fu_2357_p2      |         +|   0|  0|   12|          12|           1|
    |add_ln40_fu_2369_p2        |         +|   0|  0|   14|           6|           1|
    |add_ln44_fu_2397_p2        |         +|   0|  0|   14|           7|           1|
    |add_ln57_fu_2903_p2        |         +|   0|  0|   13|           5|           1|
    |add_ln581_fu_1709_p2       |         +|   0|  0|   12|          12|           5|
    |add_ln5_fu_1613_p2         |         +|   0|  0|   13|          10|           1|
    |add_ln74_fu_4264_p2        |         +|   0|  0|   10|           2|           1|
    |add_ln908_1_fu_2665_p2     |         +|   0|  0|   39|          32|           7|
    |add_ln908_2_fu_4069_p2     |         +|   0|  0|   39|          32|           7|
    |add_ln908_fu_2218_p2       |         +|   0|  0|   39|          32|           7|
    |add_ln915_1_fu_2754_p2     |         +|   0|  0|   11|          11|          11|
    |add_ln915_2_fu_4158_p2     |         +|   0|  0|   11|          11|          11|
    |add_ln915_fu_2307_p2       |         +|   0|  0|   11|          11|          11|
    |add_ln92_fu_2035_p2        |         +|   0|  0|   14|           7|           1|
    |lsb_index_1_fu_2550_p2     |         +|   0|  0|   39|          32|           7|
    |lsb_index_2_fu_3954_p2     |         +|   0|  0|   39|          32|           7|
    |lsb_index_fu_2103_p2       |         +|   0|  0|   39|          32|           7|
    |m_11_fu_4109_p2            |         +|   0|  0|   71|          64|          64|
    |m_4_fu_2258_p2             |         +|   0|  0|   71|          64|          64|
    |m_6_fu_2705_p2             |         +|   0|  0|   71|          64|          64|
    |ret_V_1_fu_2466_p2         |         +|   0|  0|   47|          40|          40|
    |ret_V_3_fu_5053_p2         |         +|   0|  0|   31|          24|           1|
    |ret_V_fu_2018_p2           |         +|   0|  0|   47|          40|          40|
    |F2_fu_1697_p2              |         -|   0|  0|   12|          11|          12|
    |man_V_1_fu_1684_p2         |         -|   0|  0|   61|           1|          54|
    |sub_ln581_fu_1715_p2       |         -|   0|  0|   12|           4|          12|
    |sub_ln894_1_fu_2544_p2     |         -|   0|  0|   39|           6|          32|
    |sub_ln894_2_fu_3948_p2     |         -|   0|  0|   39|           6|          32|
    |sub_ln894_fu_2097_p2       |         -|   0|  0|   39|           6|          32|
    |sub_ln897_1_fu_2587_p2     |         -|   0|  0|   14|           5|           6|
    |sub_ln897_2_fu_3991_p2     |         -|   0|  0|   14|           5|           6|
    |sub_ln897_fu_2140_p2       |         -|   0|  0|   14|           5|           6|
    |sub_ln909_1_fu_2680_p2     |         -|   0|  0|   39|           6|          32|
    |sub_ln909_2_fu_4084_p2     |         -|   0|  0|   39|           6|          32|
    |sub_ln909_fu_2233_p2       |         -|   0|  0|   39|           6|          32|
    |sub_ln915_1_fu_2749_p2     |         -|   0|  0|   11|           5|          11|
    |sub_ln915_2_fu_4153_p2     |         -|   0|  0|   11|           5|          11|
    |sub_ln915_fu_2302_p2       |         -|   0|  0|   11|           5|          11|
    |tmp_V_2_fu_2505_p2         |         -|   0|  0|   39|           1|          32|
    |tmp_V_4_fu_3909_p2         |         -|   0|  0|   39|           1|          32|
    |tmp_V_fu_2058_p2           |         -|   0|  0|   39|           1|          32|
    |and_ln1506_1_fu_2798_p2    |       and|   0|  0|    2|           1|           1|
    |and_ln1506_2_fu_4202_p2    |       and|   0|  0|    2|           1|           1|
    |and_ln1506_fu_2351_p2      |       and|   0|  0|    2|           1|           1|
    |and_ln581_fu_1766_p2       |       and|   0|  0|    2|           1|           1|
    |and_ln582_fu_1853_p2       |       and|   0|  0|    2|           1|           1|
    |and_ln585_fu_1831_p2       |       and|   0|  0|    2|           1|           1|
    |and_ln603_fu_1784_p2       |       and|   0|  0|    2|           1|           1|
    |and_ln899_1_fu_2202_p2     |       and|   0|  0|    2|           1|           1|
    |and_ln899_2_fu_2613_p2     |       and|   0|  0|   32|          32|          32|
    |and_ln899_3_fu_2649_p2     |       and|   0|  0|    2|           1|           1|
    |and_ln899_4_fu_4017_p2     |       and|   0|  0|   32|          32|          32|
    |and_ln899_5_fu_4053_p2     |       and|   0|  0|    2|           1|           1|
    |and_ln899_fu_2166_p2       |       and|   0|  0|   32|          32|          32|
    |ashr_ln586_fu_1802_p2      |      ashr|   0|  0|  161|          54|          54|
    |icmp_ln107_fu_2488_p2      |      icmp|   0|  0|   10|           6|           7|
    |icmp_ln120_fu_3892_p2      |      icmp|   0|  0|   10|           5|           6|
    |icmp_ln138_fu_4964_p2      |      icmp|   0|  0|    8|           2|           2|
    |icmp_ln1494_fu_4991_p2     |      icmp|   0|  0|   18|          32|          32|
    |icmp_ln1506_1_fu_2338_p2   |      icmp|   0|  0|   24|          52|           1|
    |icmp_ln1506_2_fu_2779_p2   |      icmp|   0|  0|   11|          11|           2|
    |icmp_ln1506_3_fu_2785_p2   |      icmp|   0|  0|   24|          52|           1|
    |icmp_ln1506_4_fu_4183_p2   |      icmp|   0|  0|   11|          11|           2|
    |icmp_ln1506_5_fu_4189_p2   |      icmp|   0|  0|   24|          52|           1|
    |icmp_ln1506_fu_2332_p2     |      icmp|   0|  0|   11|          11|           2|
    |icmp_ln21_fu_1896_p2       |      icmp|   0|  0|   13|          16|          14|
    |icmp_ln25_fu_1908_p2       |      icmp|   0|  0|   11|          10|          10|
    |icmp_ln40_fu_2363_p2       |      icmp|   0|  0|   12|          12|          12|
    |icmp_ln44_fu_2375_p2       |      icmp|   0|  0|   10|           7|           7|
    |icmp_ln571_fu_1664_p2      |      icmp|   0|  0|   28|          63|           1|
    |icmp_ln57_fu_2909_p2       |      icmp|   0|  0|   10|           5|           6|
    |icmp_ln581_fu_1703_p2      |      icmp|   0|  0|   12|          12|           4|
    |icmp_ln582_fu_1729_p2      |      icmp|   0|  0|   12|          12|           4|
    |icmp_ln585_fu_1826_p2      |      icmp|   0|  0|   12|          12|           6|
    |icmp_ln5_fu_1619_p2        |      icmp|   0|  0|   11|          10|          10|
    |icmp_ln603_fu_1749_p2      |      icmp|   0|  0|   10|           7|           1|
    |icmp_ln74_fu_4270_p2       |      icmp|   0|  0|    8|           2|           2|
    |icmp_ln851_fu_5047_p2      |      icmp|   0|  0|   11|           8|           1|
    |icmp_ln885_1_fu_2499_p2    |      icmp|   0|  0|   18|          32|           1|
    |icmp_ln885_2_fu_3903_p2    |      icmp|   0|  0|   18|          32|           1|
    |icmp_ln885_fu_2052_p2      |      icmp|   0|  0|   18|          32|           1|
    |icmp_ln896_1_fu_2582_p2    |      icmp|   0|  0|   17|          31|           1|
    |icmp_ln896_2_fu_3986_p2    |      icmp|   0|  0|   17|          31|           1|
    |icmp_ln896_fu_2135_p2      |      icmp|   0|  0|   17|          31|           1|
    |icmp_ln899_1_fu_2618_p2    |      icmp|   0|  0|   18|          32|           1|
    |icmp_ln899_2_fu_4022_p2    |      icmp|   0|  0|   18|          32|           1|
    |icmp_ln899_fu_2171_p2      |      icmp|   0|  0|   18|          32|           1|
    |icmp_ln908_1_fu_2637_p2    |      icmp|   0|  0|   18|          32|           1|
    |icmp_ln908_2_fu_4041_p2    |      icmp|   0|  0|   18|          32|           1|
    |icmp_ln908_fu_2190_p2      |      icmp|   0|  0|   18|          32|           1|
    |icmp_ln92_fu_2041_p2       |      icmp|   0|  0|   10|           7|           7|
    |ifzero5_fu_2403_p2         |      icmp|   0|  0|   10|           7|           7|
    |ifzero_fu_1936_p2          |      icmp|   0|  0|   11|          10|          10|
    |lshr_ln897_1_fu_2596_p2    |      lshr|   0|  0|  100|           2|          32|
    |lshr_ln897_2_fu_4000_p2    |      lshr|   0|  0|  100|           2|          32|
    |lshr_ln897_fu_2149_p2      |      lshr|   0|  0|  100|           2|          32|
    |lshr_ln908_1_fu_2674_p2    |      lshr|   0|  0|  182|          64|          64|
    |lshr_ln908_2_fu_4078_p2    |      lshr|   0|  0|  182|          64|          64|
    |lshr_ln908_fu_2227_p2      |      lshr|   0|  0|  182|          64|          64|
    |or_ln1506_1_fu_2794_p2     |        or|   0|  0|    2|           1|           1|
    |or_ln1506_2_fu_4198_p2     |        or|   0|  0|    2|           1|           1|
    |or_ln1506_fu_2347_p2       |        or|   0|  0|    2|           1|           1|
    |or_ln571_1_fu_1878_p2      |        or|   0|  0|    2|           1|           1|
    |or_ln571_fu_1790_p2        |        or|   0|  0|    2|           1|           1|
    |or_ln581_fu_1772_p2        |        or|   0|  0|    2|           1|           1|
    |or_ln582_fu_1755_p2        |        or|   0|  0|    2|           1|           1|
    |or_ln899_3_fu_2160_p2      |        or|   0|  0|   32|          32|          32|
    |or_ln899_4_fu_4011_p2      |        or|   0|  0|   32|          32|          32|
    |or_ln899_fu_2607_p2        |        or|   0|  0|   32|          32|          32|
    |m_10_fu_4099_p3            |    select|   0|  0|   64|           1|          64|
    |m_3_fu_2248_p3             |    select|   0|  0|   64|           1|          64|
    |m_5_fu_2695_p3             |    select|   0|  0|   64|           1|          64|
    |man_V_2_fu_1690_p3         |    select|   0|  0|   54|           1|          54|
    |max_idx_V_1_fu_5017_p3     |    select|   0|  0|   32|           1|          32|
    |max_val_V_1_fu_4997_p3     |    select|   0|  0|   32|           1|          32|
    |ret_V_5_fu_5067_p3         |    select|   0|  0|   24|           1|          24|
    |select_ln21_1_fu_1922_p3   |    select|   0|  0|    7|           1|           7|
    |select_ln21_2_fu_2000_p3   |    select|   0|  0|   32|           1|           1|
    |select_ln21_fu_1914_p3     |    select|   0|  0|   10|           1|           1|
    |select_ln40_1_fu_2389_p3   |    select|   0|  0|    6|           1|           6|
    |select_ln40_2_fu_2451_p3   |    select|   0|  0|   32|           1|           1|
    |select_ln40_fu_2381_p3     |    select|   0|  0|    7|           1|           1|
    |select_ln571_1_fu_1836_p3  |    select|   0|  0|   32|           1|          32|
    |select_ln571_2_fu_1865_p3  |    select|   0|  0|   32|           1|          32|
    |select_ln571_3_fu_1872_p3  |    select|   0|  0|   32|           1|          32|
    |select_ln571_4_fu_1882_p3  |    select|   0|  0|   32|           1|          32|
    |select_ln571_fu_1858_p3    |    select|   0|  0|   32|           1|           1|
    |select_ln588_fu_1818_p3    |    select|   0|  0|    2|           1|           2|
    |select_ln850_fu_5059_p3    |    select|   0|  0|   24|           1|          24|
    |select_ln893_1_fu_2742_p3  |    select|   0|  0|   10|           1|          10|
    |select_ln893_2_fu_4146_p3  |    select|   0|  0|   10|           1|          10|
    |select_ln893_fu_2295_p3    |    select|   0|  0|   10|           1|          10|
    |select_ln896_1_fu_2642_p3  |    select|   0|  0|    2|           1|           1|
    |select_ln896_2_fu_4046_p3  |    select|   0|  0|    2|           1|           1|
    |select_ln896_fu_2195_p3    |    select|   0|  0|    2|           1|           1|
    |select_ln908_2_fu_2654_p3  |    select|   0|  0|    2|           1|           1|
    |select_ln908_4_fu_4058_p3  |    select|   0|  0|    2|           1|           1|
    |select_ln908_fu_2207_p3    |    select|   0|  0|    2|           1|           1|
    |sh_amt_fu_1721_p3          |    select|   0|  0|   12|           1|          12|
    |tmp_V_6_fu_2072_p3         |    select|   0|  0|   32|           1|          32|
    |tmp_V_7_fu_2519_p3         |    select|   0|  0|   32|           1|          32|
    |tmp_V_8_fu_3923_p3         |    select|   0|  0|   32|           1|          32|
    |shl_ln604_fu_1844_p2       |       shl|   0|  0|  100|          32|          32|
    |shl_ln899_1_fu_2602_p2     |       shl|   0|  0|  100|           1|          32|
    |shl_ln899_2_fu_4006_p2     |       shl|   0|  0|  100|           1|          32|
    |shl_ln899_fu_2155_p2       |       shl|   0|  0|  100|           1|          32|
    |shl_ln909_1_fu_2689_p2     |       shl|   0|  0|  182|          64|          64|
    |shl_ln909_2_fu_4093_p2     |       shl|   0|  0|  182|          64|          64|
    |shl_ln909_fu_2242_p2       |       shl|   0|  0|  182|          64|          64|
    |ap_enable_pp0              |       xor|   0|  0|    2|           1|           2|
    |ap_enable_pp1              |       xor|   0|  0|    2|           1|           2|
    |ap_enable_pp2              |       xor|   0|  0|    2|           1|           2|
    |ap_enable_pp3              |       xor|   0|  0|    2|           1|           2|
    |ap_enable_pp4              |       xor|   0|  0|    2|           1|           2|
    |ap_enable_pp5              |       xor|   0|  0|    2|           1|           2|
    |ap_enable_pp6              |       xor|   0|  0|    2|           1|           2|
    |ap_enable_pp7              |       xor|   0|  0|    2|           1|           2|
    |ap_enable_reg_pp0_iter1    |       xor|   0|  0|    2|           2|           1|
    |ap_enable_reg_pp1_iter1    |       xor|   0|  0|    2|           2|           1|
    |ap_enable_reg_pp2_iter1    |       xor|   0|  0|    2|           2|           1|
    |ap_enable_reg_pp3_iter1    |       xor|   0|  0|    2|           2|           1|
    |ap_enable_reg_pp4_iter1    |       xor|   0|  0|    2|           2|           1|
    |ap_enable_reg_pp5_iter1    |       xor|   0|  0|    2|           2|           1|
    |ap_enable_reg_pp6_iter1    |       xor|   0|  0|    2|           2|           1|
    |ap_enable_reg_pp7_iter1    |       xor|   0|  0|    2|           2|           1|
    |xor_ln571_fu_1848_p2       |       xor|   0|  0|    2|           1|           2|
    |xor_ln581_fu_1778_p2       |       xor|   0|  0|    2|           1|           2|
    |xor_ln582_fu_1760_p2       |       xor|   0|  0|    2|           1|           2|
    |xor_ln899_1_fu_2631_p2     |       xor|   0|  0|    2|           1|           2|
    |xor_ln899_2_fu_4035_p2     |       xor|   0|  0|    2|           1|           2|
    |xor_ln899_fu_2184_p2       |       xor|   0|  0|    2|           1|           2|
    +---------------------------+----------+----+---+-----+------------+------------+
    |Total                      |          |   0|  0| 7043|        4163|        4394|
    +---------------------------+----------+----+---+-----+------------+------------+

    * Multiplexer: 
    +-------------------------------+-----+-----------+-----+-----------+
    |              Name             | LUT | Input Size| Bits| Total Bits|
    +-------------------------------+-----+-----------+-----+-----------+
    |ap_NS_fsm                      |  193|         44|    1|         44|
    |ap_enable_reg_pp0_iter1        |    9|          2|    1|          2|
    |ap_enable_reg_pp0_iter7        |    9|          2|    1|          2|
    |ap_enable_reg_pp1_iter1        |    9|          2|    1|          2|
    |ap_enable_reg_pp1_iter5        |    9|          2|    1|          2|
    |ap_enable_reg_pp2_iter1        |    9|          2|    1|          2|
    |ap_enable_reg_pp2_iter8        |    9|          2|    1|          2|
    |ap_enable_reg_pp3_iter1        |    9|          2|    1|          2|
    |ap_enable_reg_pp3_iter5        |    9|          2|    1|          2|
    |ap_enable_reg_pp4_iter1        |    9|          2|    1|          2|
    |ap_enable_reg_pp4_iter8        |    9|          2|    1|          2|
    |ap_enable_reg_pp5_iter1        |    9|          2|    1|          2|
    |ap_enable_reg_pp5_iter19       |    9|          2|    1|          2|
    |ap_enable_reg_pp6_iter1        |    9|          2|    1|          2|
    |ap_enable_reg_pp6_iter8        |    9|          2|    1|          2|
    |ap_enable_reg_pp7_iter1        |    9|          2|    1|          2|
    |ap_enable_reg_pp7_iter10       |    9|          2|    1|          2|
    |ap_phi_mux_j_1_phi_fu_1482_p4  |    9|          2|    6|         12|
    |ap_phi_mux_j_3_phi_fu_1549_p4  |    9|          2|    2|          4|
    |ap_phi_mux_j_phi_fu_1426_p4    |    9|          2|    7|         14|
    |ap_phi_mux_k_1_phi_fu_1493_p4  |    9|          2|    7|         14|
    |ap_phi_mux_k_phi_fu_1437_p4    |    9|          2|   10|         20|
    |fp_input_img_V_address0        |   20|          4|   10|         40|
    |fp_input_img_V_d0              |   14|          3|   32|         96|
    |grp_fu_1594_p0                 |   20|          4|   64|        256|
    |i_1_reg_1456                   |    9|          2|    7|         14|
    |i_2_reg_1512                   |    9|          2|    6|         12|
    |i_3_reg_1534                   |    9|          2|    5|         10|
    |i_4_reg_1557                   |    9|          2|    2|          4|
    |i_reg_1400                     |    9|          2|   10|         20|
    |indvar_flatten10_reg_1467      |    9|          2|   12|         24|
    |indvar_flatten_reg_1411        |    9|          2|   16|         32|
    |j_1_reg_1478                   |    9|          2|    6|         12|
    |j_2_reg_1523                   |    9|          2|    5|         10|
    |j_3_reg_1545                   |    9|          2|    2|          4|
    |j_reg_1422                     |    9|          2|    7|         14|
    |k_1_reg_1489                   |    9|          2|    7|         14|
    |k_reg_1433                     |    9|          2|   10|         20|
    |max_idx_V_reg_1568             |    9|          2|   32|         64|
    |max_val_V_reg_1580             |    9|          2|   32|         64|
    |reg_1603                       |    9|          2|   32|         64|
    |reg_1608                       |    9|          2|   32|         64|
    |sum_V_4_reg_1444               |    9|          2|   32|         64|
    |sum_V_5_reg_1500               |    9|          2|   32|         64|
    |temp_output2_0_V_address0      |  100|         20|    5|        100|
    |temp_output2_0_V_address1      |   87|         18|    5|         90|
    |temp_output2_0_V_d0            |   20|          4|   32|        128|
    |temp_output3_0_V_address0      |   65|         12|    4|         48|
    |temp_output3_0_V_address1      |   53|         10|    4|         40|
    |temp_output3_0_V_d0            |   20|          4|   32|        128|
    |temp_output4_0_2_V_fu_430      |    9|          2|   32|         64|
    |temp_output_0_V_address0       |   20|          4|    7|         28|
    |temp_output_0_V_address1       |   14|          3|    7|         21|
    |temp_output_0_V_d0             |   20|          4|   32|        128|
    +-------------------------------+-----+-----------+-----+-----------+
    |Total                          | 1015|        216|  602|       1881|
    +-------------------------------+-----+-----------+-----+-----------+

    * Register: 
    +----------------------------------------+-----+----+-----+-----------+
    |                  Name                  |  FF | LUT| Bits| Const Bits|
    +----------------------------------------+-----+----+-----+-----------+
    |add_ln25_reg_5219                       |   10|   0|   10|          0|
    |add_ln44_reg_5413                       |    7|   0|    7|          0|
    |add_ln74_reg_7150                       |    2|   0|    2|          0|
    |and_ln1506_1_reg_5571                   |    1|   0|    1|          0|
    |and_ln1506_2_reg_6907                   |    1|   0|    1|          0|
    |and_ln1506_reg_5382                     |    1|   0|    1|          0|
    |and_ln581_reg_5154                      |    1|   0|    1|          0|
    |and_ln581_reg_5154_pp0_iter5_reg        |    1|   0|    1|          0|
    |ap_CS_fsm                               |   43|   0|   43|          0|
    |ap_enable_reg_pp0_iter0                 |    1|   0|    1|          0|
    |ap_enable_reg_pp0_iter1                 |    1|   0|    1|          0|
    |ap_enable_reg_pp0_iter2                 |    1|   0|    1|          0|
    |ap_enable_reg_pp0_iter3                 |    1|   0|    1|          0|
    |ap_enable_reg_pp0_iter4                 |    1|   0|    1|          0|
    |ap_enable_reg_pp0_iter5                 |    1|   0|    1|          0|
    |ap_enable_reg_pp0_iter6                 |    1|   0|    1|          0|
    |ap_enable_reg_pp0_iter7                 |    1|   0|    1|          0|
    |ap_enable_reg_pp1_iter0                 |    1|   0|    1|          0|
    |ap_enable_reg_pp1_iter1                 |    1|   0|    1|          0|
    |ap_enable_reg_pp1_iter2                 |    1|   0|    1|          0|
    |ap_enable_reg_pp1_iter3                 |    1|   0|    1|          0|
    |ap_enable_reg_pp1_iter4                 |    1|   0|    1|          0|
    |ap_enable_reg_pp1_iter5                 |    1|   0|    1|          0|
    |ap_enable_reg_pp2_iter0                 |    1|   0|    1|          0|
    |ap_enable_reg_pp2_iter1                 |    1|   0|    1|          0|
    |ap_enable_reg_pp2_iter2                 |    1|   0|    1|          0|
    |ap_enable_reg_pp2_iter3                 |    1|   0|    1|          0|
    |ap_enable_reg_pp2_iter4                 |    1|   0|    1|          0|
    |ap_enable_reg_pp2_iter5                 |    1|   0|    1|          0|
    |ap_enable_reg_pp2_iter6                 |    1|   0|    1|          0|
    |ap_enable_reg_pp2_iter7                 |    1|   0|    1|          0|
    |ap_enable_reg_pp2_iter8                 |    1|   0|    1|          0|
    |ap_enable_reg_pp3_iter0                 |    1|   0|    1|          0|
    |ap_enable_reg_pp3_iter1                 |    1|   0|    1|          0|
    |ap_enable_reg_pp3_iter2                 |    1|   0|    1|          0|
    |ap_enable_reg_pp3_iter3                 |    1|   0|    1|          0|
    |ap_enable_reg_pp3_iter4                 |    1|   0|    1|          0|
    |ap_enable_reg_pp3_iter5                 |    1|   0|    1|          0|
    |ap_enable_reg_pp4_iter0                 |    1|   0|    1|          0|
    |ap_enable_reg_pp4_iter1                 |    1|   0|    1|          0|
    |ap_enable_reg_pp4_iter2                 |    1|   0|    1|          0|
    |ap_enable_reg_pp4_iter3                 |    1|   0|    1|          0|
    |ap_enable_reg_pp4_iter4                 |    1|   0|    1|          0|
    |ap_enable_reg_pp4_iter5                 |    1|   0|    1|          0|
    |ap_enable_reg_pp4_iter6                 |    1|   0|    1|          0|
    |ap_enable_reg_pp4_iter7                 |    1|   0|    1|          0|
    |ap_enable_reg_pp4_iter8                 |    1|   0|    1|          0|
    |ap_enable_reg_pp5_iter0                 |    1|   0|    1|          0|
    |ap_enable_reg_pp5_iter1                 |    1|   0|    1|          0|
    |ap_enable_reg_pp5_iter10                |    1|   0|    1|          0|
    |ap_enable_reg_pp5_iter11                |    1|   0|    1|          0|
    |ap_enable_reg_pp5_iter12                |    1|   0|    1|          0|
    |ap_enable_reg_pp5_iter13                |    1|   0|    1|          0|
    |ap_enable_reg_pp5_iter14                |    1|   0|    1|          0|
    |ap_enable_reg_pp5_iter15                |    1|   0|    1|          0|
    |ap_enable_reg_pp5_iter16                |    1|   0|    1|          0|
    |ap_enable_reg_pp5_iter17                |    1|   0|    1|          0|
    |ap_enable_reg_pp5_iter18                |    1|   0|    1|          0|
    |ap_enable_reg_pp5_iter19                |    1|   0|    1|          0|
    |ap_enable_reg_pp5_iter2                 |    1|   0|    1|          0|
    |ap_enable_reg_pp5_iter3                 |    1|   0|    1|          0|
    |ap_enable_reg_pp5_iter4                 |    1|   0|    1|          0|
    |ap_enable_reg_pp5_iter5                 |    1|   0|    1|          0|
    |ap_enable_reg_pp5_iter6                 |    1|   0|    1|          0|
    |ap_enable_reg_pp5_iter7                 |    1|   0|    1|          0|
    |ap_enable_reg_pp5_iter8                 |    1|   0|    1|          0|
    |ap_enable_reg_pp5_iter9                 |    1|   0|    1|          0|
    |ap_enable_reg_pp6_iter0                 |    1|   0|    1|          0|
    |ap_enable_reg_pp6_iter1                 |    1|   0|    1|          0|
    |ap_enable_reg_pp6_iter2                 |    1|   0|    1|          0|
    |ap_enable_reg_pp6_iter3                 |    1|   0|    1|          0|
    |ap_enable_reg_pp6_iter4                 |    1|   0|    1|          0|
    |ap_enable_reg_pp6_iter5                 |    1|   0|    1|          0|
    |ap_enable_reg_pp6_iter6                 |    1|   0|    1|          0|
    |ap_enable_reg_pp6_iter7                 |    1|   0|    1|          0|
    |ap_enable_reg_pp6_iter8                 |    1|   0|    1|          0|
    |ap_enable_reg_pp7_iter0                 |    1|   0|    1|          0|
    |ap_enable_reg_pp7_iter1                 |    1|   0|    1|          0|
    |ap_enable_reg_pp7_iter10                |    1|   0|    1|          0|
    |ap_enable_reg_pp7_iter2                 |    1|   0|    1|          0|
    |ap_enable_reg_pp7_iter3                 |    1|   0|    1|          0|
    |ap_enable_reg_pp7_iter4                 |    1|   0|    1|          0|
    |ap_enable_reg_pp7_iter5                 |    1|   0|    1|          0|
    |ap_enable_reg_pp7_iter6                 |    1|   0|    1|          0|
    |ap_enable_reg_pp7_iter7                 |    1|   0|    1|          0|
    |ap_enable_reg_pp7_iter8                 |    1|   0|    1|          0|
    |ap_enable_reg_pp7_iter9                 |    1|   0|    1|          0|
    |exp_tmp_reg_5114                        |   11|   0|   11|          0|
    |i_1_reg_1456                            |    7|   0|    7|          0|
    |i_2_reg_1512                            |    6|   0|    6|          0|
    |i_3_reg_1534                            |    5|   0|    5|          0|
    |i_4_reg_1557                            |    2|   0|    2|          0|
    |i_cast_reg_5088                         |   10|   0|   64|         54|
    |i_reg_1400                              |   10|   0|   10|          0|
    |icmp_ln1506_1_reg_5372                  |    1|   0|    1|          0|
    |icmp_ln1506_1_reg_5372_pp2_iter6_reg    |    1|   0|    1|          0|
    |icmp_ln1506_2_reg_5556                  |    1|   0|    1|          0|
    |icmp_ln1506_2_reg_5556_pp4_iter6_reg    |    1|   0|    1|          0|
    |icmp_ln1506_3_reg_5561                  |    1|   0|    1|          0|
    |icmp_ln1506_3_reg_5561_pp4_iter6_reg    |    1|   0|    1|          0|
    |icmp_ln1506_4_reg_6892                  |    1|   0|    1|          0|
    |icmp_ln1506_4_reg_6892_pp6_iter6_reg    |    1|   0|    1|          0|
    |icmp_ln1506_5_reg_6897                  |    1|   0|    1|          0|
    |icmp_ln1506_5_reg_6897_pp6_iter6_reg    |    1|   0|    1|          0|
    |icmp_ln1506_reg_5367                    |    1|   0|    1|          0|
    |icmp_ln1506_reg_5367_pp2_iter6_reg      |    1|   0|    1|          0|
    |icmp_ln21_reg_5196                      |    1|   0|    1|          0|
    |icmp_ln25_reg_5200                      |    1|   0|    1|          0|
    |icmp_ln40_reg_5391                      |    1|   0|    1|          0|
    |icmp_ln44_reg_5395                      |    1|   0|    1|          0|
    |icmp_ln571_reg_5124                     |    1|   0|    1|          0|
    |icmp_ln57_reg_6040                      |    1|   0|    1|          0|
    |icmp_ln582_reg_5143                     |    1|   0|    1|          0|
    |icmp_ln582_reg_5143_pp0_iter5_reg       |    1|   0|    1|          0|
    |icmp_ln5_reg_5084                       |    1|   0|    1|          0|
    |icmp_ln74_reg_7155                      |    1|   0|    1|          0|
    |icmp_ln885_1_reg_5472                   |    1|   0|    1|          0|
    |icmp_ln885_2_reg_6808                   |    1|   0|    1|          0|
    |icmp_ln885_reg_5283                     |    1|   0|    1|          0|
    |icmp_ln908_1_reg_5526                   |    1|   0|    1|          0|
    |icmp_ln908_2_reg_6862                   |    1|   0|    1|          0|
    |icmp_ln908_reg_5337                     |    1|   0|    1|          0|
    |ifzero5_reg_5418                        |    1|   0|    1|          0|
    |ifzero_reg_5224                         |    1|   0|    1|          0|
    |indvar_flatten10_reg_1467               |   12|   0|   12|          0|
    |indvar_flatten_reg_1411                 |   16|   0|   16|          0|
    |input_img_load_reg_5098                 |   32|   0|   32|          0|
    |j_1_reg_1478                            |    6|   0|    6|          0|
    |j_2_cast_reg_6044                       |    5|   0|   64|         59|
    |j_2_reg_1523                            |    5|   0|    5|          0|
    |j_3_reg_1545                            |    2|   0|    2|          0|
    |j_reg_1422                              |    7|   0|    7|          0|
    |k_1_reg_1489                            |    7|   0|    7|          0|
    |k_reg_1433                              |   10|   0|   10|          0|
    |layer3_weights_V_0_load_reg_6093        |    8|   0|    8|          0|
    |layer3_weights_V_10_load_reg_6273       |    8|   0|    8|          0|
    |layer3_weights_V_11_load_reg_6313       |    8|   0|    8|          0|
    |layer3_weights_V_12_load_reg_6318       |    8|   0|    8|          0|
    |layer3_weights_V_13_load_reg_6358       |    8|   0|    8|          0|
    |layer3_weights_V_14_load_reg_6363       |    8|   0|    8|          0|
    |layer3_weights_V_15_load_reg_6403       |    8|   0|    8|          0|
    |layer3_weights_V_16_load_reg_6408       |    8|   0|    8|          0|
    |layer3_weights_V_17_load_reg_6448       |    8|   0|    8|          0|
    |layer3_weights_V_18_load_reg_6453       |    8|   0|    8|          0|
    |layer3_weights_V_19_load_reg_6493       |    8|   0|    8|          0|
    |layer3_weights_V_1_load_reg_6098        |    8|   0|    8|          0|
    |layer3_weights_V_20_load_reg_6498       |    8|   0|    8|          0|
    |layer3_weights_V_21_load_reg_6538       |    8|   0|    8|          0|
    |layer3_weights_V_22_load_reg_6543       |    8|   0|    8|          0|
    |layer3_weights_V_23_load_reg_6583       |    8|   0|    8|          0|
    |layer3_weights_V_24_load_reg_6588       |    8|   0|    8|          0|
    |layer3_weights_V_25_load_reg_6628       |    8|   0|    8|          0|
    |layer3_weights_V_26_load_reg_6633       |    8|   0|    8|          0|
    |layer3_weights_V_27_load_reg_6673       |    8|   0|    8|          0|
    |layer3_weights_V_28_load_reg_6678       |    8|   0|    8|          0|
    |layer3_weights_V_29_load_reg_6718       |    8|   0|    8|          0|
    |layer3_weights_V_2_load_reg_6103        |    8|   0|    8|          0|
    |layer3_weights_V_30_load_reg_6723       |    8|   0|    8|          0|
    |layer3_weights_V_31_load_reg_6758       |    8|   0|    8|          0|
    |layer3_weights_V_3_load_reg_6133        |    8|   0|    8|          0|
    |layer3_weights_V_4_load_reg_6138        |    8|   0|    8|          0|
    |layer3_weights_V_5_load_reg_6178        |    8|   0|    8|          0|
    |layer3_weights_V_6_load_reg_6183        |    8|   0|    8|          0|
    |layer3_weights_V_7_load_reg_6223        |    8|   0|    8|          0|
    |layer3_weights_V_8_load_reg_6228        |    8|   0|    8|          0|
    |layer3_weights_V_9_load_reg_6268        |    8|   0|    8|          0|
    |lsb_index_1_reg_5498                    |   32|   0|   32|          0|
    |lsb_index_2_reg_6834                    |   32|   0|   32|          0|
    |lsb_index_reg_5309                      |   32|   0|   32|          0|
    |m_13_reg_5347                           |   63|   0|   63|          0|
    |m_14_reg_6872                           |   63|   0|   63|          0|
    |m_reg_5536                              |   63|   0|   63|          0|
    |man_V_2_reg_5132                        |   54|   0|   54|          0|
    |max_idx_V_reg_1568                      |   32|   0|   32|          0|
    |max_val_V_reg_1580                      |   32|   0|   32|          0|
    |mul_ln1118_10_reg_7314                  |   40|   0|   40|          0|
    |mul_ln1118_11_reg_7339                  |   40|   0|   40|          0|
    |mul_ln1118_12_reg_7349                  |   40|   0|   40|          0|
    |mul_ln1118_13_reg_7374                  |   40|   0|   40|          0|
    |mul_ln1118_14_reg_7384                  |   40|   0|   40|          0|
    |mul_ln1118_15_reg_7404                  |   40|   0|   40|          0|
    |mul_ln1118_16_reg_7414                  |   40|   0|   40|          0|
    |mul_ln1118_17_reg_7424                  |   40|   0|   40|          0|
    |mul_ln1118_3_reg_7199                   |   40|   0|   40|          0|
    |mul_ln1118_4_reg_7209                   |   40|   0|   40|          0|
    |mul_ln1118_5_reg_7234                   |   40|   0|   40|          0|
    |mul_ln1118_6_reg_7244                   |   40|   0|   40|          0|
    |mul_ln1118_7_reg_7269                   |   40|   0|   40|          0|
    |mul_ln1118_8_reg_7279                   |   40|   0|   40|          0|
    |mul_ln1118_9_reg_7304                   |   40|   0|   40|          0|
    |mul_ln703_10_reg_6378                   |   40|   0|   40|          0|
    |mul_ln703_11_reg_6388                   |   40|   0|   40|          0|
    |mul_ln703_12_reg_6423                   |   40|   0|   40|          0|
    |mul_ln703_13_reg_6433                   |   40|   0|   40|          0|
    |mul_ln703_14_reg_6468                   |   40|   0|   40|          0|
    |mul_ln703_15_reg_6478                   |   40|   0|   40|          0|
    |mul_ln703_16_reg_6513                   |   40|   0|   40|          0|
    |mul_ln703_17_reg_6523                   |   40|   0|   40|          0|
    |mul_ln703_18_reg_6558                   |   40|   0|   40|          0|
    |mul_ln703_19_reg_6568                   |   40|   0|   40|          0|
    |mul_ln703_1_reg_6163                    |   40|   0|   40|          0|
    |mul_ln703_20_reg_6603                   |   40|   0|   40|          0|
    |mul_ln703_21_reg_6613                   |   40|   0|   40|          0|
    |mul_ln703_22_reg_6648                   |   40|   0|   40|          0|
    |mul_ln703_23_reg_6658                   |   40|   0|   40|          0|
    |mul_ln703_24_reg_6693                   |   40|   0|   40|          0|
    |mul_ln703_25_reg_6703                   |   40|   0|   40|          0|
    |mul_ln703_26_reg_6733                   |   40|   0|   40|          0|
    |mul_ln703_27_reg_6743                   |   40|   0|   40|          0|
    |mul_ln703_28_reg_6763                   |   40|   0|   40|          0|
    |mul_ln703_29_reg_6773                   |   40|   0|   40|          0|
    |mul_ln703_2_reg_6198                    |   40|   0|   40|          0|
    |mul_ln703_30_reg_6783                   |   40|   0|   40|          0|
    |mul_ln703_3_reg_6208                    |   40|   0|   40|          0|
    |mul_ln703_4_reg_6243                    |   40|   0|   40|          0|
    |mul_ln703_5_reg_6253                    |   40|   0|   40|          0|
    |mul_ln703_6_reg_6288                    |   40|   0|   40|          0|
    |mul_ln703_7_reg_6298                    |   40|   0|   40|          0|
    |mul_ln703_8_reg_6333                    |   40|   0|   40|          0|
    |mul_ln703_9_reg_6343                    |   40|   0|   40|          0|
    |mul_ln703_reg_6153                      |   40|   0|   40|          0|
    |or_ln571_reg_5160                       |    1|   0|    1|          0|
    |or_ln571_reg_5160_pp0_iter5_reg         |    1|   0|    1|          0|
    |p_Result_10_reg_6877                    |    1|   0|    1|          0|
    |p_Result_13_reg_5109                    |    1|   0|    1|          0|
    |p_Result_15_reg_5292                    |    1|   0|    1|          0|
    |p_Result_17_reg_5326                    |    1|   0|    1|          0|
    |p_Result_18_reg_5362                    |   64|   0|   64|          0|
    |p_Result_19_reg_5481                    |    1|   0|    1|          0|
    |p_Result_21_reg_5515                    |    1|   0|    1|          0|
    |p_Result_22_reg_5551                    |   64|   0|   64|          0|
    |p_Result_23_reg_6817                    |    1|   0|    1|          0|
    |p_Result_25_reg_6851                    |    1|   0|    1|          0|
    |p_Result_26_reg_6887                    |   64|   0|   64|          0|
    |p_Result_5_reg_5541                     |    1|   0|    1|          0|
    |p_Result_s_reg_5352                     |    1|   0|    1|          0|
    |r_V_1_reg_5258                          |   39|   0|   39|          0|
    |r_V_3_reg_5447                          |   40|   0|   40|          0|
    |r_V_reg_5238                            |   32|   0|   32|          0|
    |reg_1599                                |   32|   0|   32|          0|
    |reg_1603                                |   32|   0|   32|          0|
    |reg_1608                                |   32|   0|   32|          0|
    |select_ln21_1_reg_5212                  |    7|   0|    7|          0|
    |select_ln21_reg_5205                    |   10|   0|   10|          0|
    |select_ln40_1_reg_5406                  |    6|   0|    6|          0|
    |select_ln40_reg_5400                    |    7|   0|    7|          0|
    |select_ln571_1_reg_5171                 |   32|   0|   32|          0|
    |select_ln571_4_reg_5176                 |   32|   0|   32|          0|
    |select_ln908_2_reg_5531                 |    1|   0|    1|          0|
    |select_ln908_4_reg_6867                 |    1|   0|    1|          0|
    |select_ln908_reg_5342                   |    1|   0|    1|          0|
    |sext_ln1116_10_reg_5925                 |   40|   0|   40|          0|
    |sext_ln1116_11_reg_5930                 |   40|   0|   40|          0|
    |sext_ln1116_12_reg_5935                 |   40|   0|   40|          0|
    |sext_ln1116_13_reg_5940                 |   40|   0|   40|          0|
    |sext_ln1116_14_reg_5945                 |   40|   0|   40|          0|
    |sext_ln1116_15_reg_5950                 |   40|   0|   40|          0|
    |sext_ln1116_16_reg_5955                 |   40|   0|   40|          0|
    |sext_ln1116_17_reg_5960                 |   40|   0|   40|          0|
    |sext_ln1116_18_reg_5965                 |   40|   0|   40|          0|
    |sext_ln1116_19_reg_5970                 |   40|   0|   40|          0|
    |sext_ln1116_1_reg_5880                  |   40|   0|   40|          0|
    |sext_ln1116_20_reg_5975                 |   40|   0|   40|          0|
    |sext_ln1116_21_reg_5980                 |   40|   0|   40|          0|
    |sext_ln1116_22_reg_5985                 |   40|   0|   40|          0|
    |sext_ln1116_23_reg_5990                 |   40|   0|   40|          0|
    |sext_ln1116_24_reg_5995                 |   40|   0|   40|          0|
    |sext_ln1116_25_reg_6000                 |   40|   0|   40|          0|
    |sext_ln1116_26_reg_6005                 |   40|   0|   40|          0|
    |sext_ln1116_27_reg_6010                 |   40|   0|   40|          0|
    |sext_ln1116_28_reg_6015                 |   40|   0|   40|          0|
    |sext_ln1116_29_reg_6020                 |   40|   0|   40|          0|
    |sext_ln1116_2_reg_5885                  |   40|   0|   40|          0|
    |sext_ln1116_30_reg_6025                 |   40|   0|   40|          0|
    |sext_ln1116_31_reg_7070                 |   40|   0|   40|          0|
    |sext_ln1116_32_reg_7075                 |   40|   0|   40|          0|
    |sext_ln1116_33_reg_7080                 |   40|   0|   40|          0|
    |sext_ln1116_34_reg_7085                 |   40|   0|   40|          0|
    |sext_ln1116_35_reg_7090                 |   40|   0|   40|          0|
    |sext_ln1116_36_reg_7095                 |   40|   0|   40|          0|
    |sext_ln1116_37_reg_7100                 |   40|   0|   40|          0|
    |sext_ln1116_38_reg_7105                 |   40|   0|   40|          0|
    |sext_ln1116_39_reg_7110                 |   40|   0|   40|          0|
    |sext_ln1116_3_reg_5890                  |   40|   0|   40|          0|
    |sext_ln1116_40_reg_7115                 |   40|   0|   40|          0|
    |sext_ln1116_41_reg_7120                 |   40|   0|   40|          0|
    |sext_ln1116_42_reg_7125                 |   40|   0|   40|          0|
    |sext_ln1116_43_reg_7130                 |   40|   0|   40|          0|
    |sext_ln1116_44_reg_7135                 |   40|   0|   40|          0|
    |sext_ln1116_45_reg_7140                 |   40|   0|   40|          0|
    |sext_ln1116_4_reg_5895                  |   40|   0|   40|          0|
    |sext_ln1116_5_reg_5900                  |   40|   0|   40|          0|
    |sext_ln1116_6_reg_5905                  |   40|   0|   40|          0|
    |sext_ln1116_7_reg_5910                  |   40|   0|   40|          0|
    |sext_ln1116_8_reg_5915                  |   40|   0|   40|          0|
    |sext_ln1116_9_reg_5920                  |   40|   0|   40|          0|
    |sext_ln1116_reg_5875                    |   40|   0|   40|          0|
    |sext_ln581_reg_5166                     |   32|   0|   32|          0|
    |sh_amt_reg_5137                         |   12|   0|   12|          0|
    |sub_ln894_1_reg_5492                    |   32|   0|   32|          0|
    |sub_ln894_1_reg_5492_pp4_iter3_reg      |   32|   0|   32|          0|
    |sub_ln894_2_reg_6828                    |   32|   0|   32|          0|
    |sub_ln894_2_reg_6828_pp6_iter3_reg      |   32|   0|   32|          0|
    |sub_ln894_reg_5303                      |   32|   0|   32|          0|
    |sub_ln894_reg_5303_pp2_iter3_reg        |   32|   0|   32|          0|
    |sum_V_4_reg_1444                        |   32|   0|   32|          0|
    |sum_V_5_reg_1500                        |   32|   0|   32|          0|
    |temp_output2_0_V_addr_1_reg_5466        |    5|   0|    5|          0|
    |temp_output2_0_V_load_10_reg_5675       |   32|   0|   32|          0|
    |temp_output2_0_V_load_11_reg_5680       |   32|   0|   32|          0|
    |temp_output2_0_V_load_12_reg_5695       |   32|   0|   32|          0|
    |temp_output2_0_V_load_13_reg_5700       |   32|   0|   32|          0|
    |temp_output2_0_V_load_14_reg_5715       |   32|   0|   32|          0|
    |temp_output2_0_V_load_15_reg_5720       |   32|   0|   32|          0|
    |temp_output2_0_V_load_16_reg_5735       |   32|   0|   32|          0|
    |temp_output2_0_V_load_17_reg_5740       |   32|   0|   32|          0|
    |temp_output2_0_V_load_18_reg_5755       |   32|   0|   32|          0|
    |temp_output2_0_V_load_19_reg_5760       |   32|   0|   32|          0|
    |temp_output2_0_V_load_1_reg_5580        |   32|   0|   32|          0|
    |temp_output2_0_V_load_20_reg_5775       |   32|   0|   32|          0|
    |temp_output2_0_V_load_21_reg_5780       |   32|   0|   32|          0|
    |temp_output2_0_V_load_22_reg_5795       |   32|   0|   32|          0|
    |temp_output2_0_V_load_23_reg_5800       |   32|   0|   32|          0|
    |temp_output2_0_V_load_24_reg_5815       |   32|   0|   32|          0|
    |temp_output2_0_V_load_25_reg_5820       |   32|   0|   32|          0|
    |temp_output2_0_V_load_26_reg_5835       |   32|   0|   32|          0|
    |temp_output2_0_V_load_27_reg_5840       |   32|   0|   32|          0|
    |temp_output2_0_V_load_28_reg_5855       |   32|   0|   32|          0|
    |temp_output2_0_V_load_29_reg_5860       |   32|   0|   32|          0|
    |temp_output2_0_V_load_2_reg_5595        |   32|   0|   32|          0|
    |temp_output2_0_V_load_31_cast_reg_6030  |   40|   0|   40|          0|
    |temp_output2_0_V_load_3_reg_5600        |   32|   0|   32|          0|
    |temp_output2_0_V_load_4_reg_5615        |   32|   0|   32|          0|
    |temp_output2_0_V_load_5_reg_5620        |   32|   0|   32|          0|
    |temp_output2_0_V_load_6_reg_5635        |   32|   0|   32|          0|
    |temp_output2_0_V_load_7_reg_5640        |   32|   0|   32|          0|
    |temp_output2_0_V_load_8_reg_5655        |   32|   0|   32|          0|
    |temp_output2_0_V_load_9_reg_5660        |   32|   0|   32|          0|
    |temp_output3_0_V_addr_2_reg_6802        |    4|   0|    4|          0|
    |temp_output3_0_V_load_10_reg_7030       |   32|   0|   32|          0|
    |temp_output3_0_V_load_11_reg_7035       |   32|   0|   32|          0|
    |temp_output3_0_V_load_12_reg_7050       |   32|   0|   32|          0|
    |temp_output3_0_V_load_13_reg_7055       |   32|   0|   32|          0|
    |temp_output3_0_V_load_15_cast_reg_7145  |   40|   0|   40|          0|
    |temp_output3_0_V_load_1_reg_6935        |   32|   0|   32|          0|
    |temp_output3_0_V_load_2_reg_6950        |   32|   0|   32|          0|
    |temp_output3_0_V_load_3_reg_6955        |   32|   0|   32|          0|
    |temp_output3_0_V_load_4_reg_6970        |   32|   0|   32|          0|
    |temp_output3_0_V_load_5_reg_6975        |   32|   0|   32|          0|
    |temp_output3_0_V_load_6_reg_6990        |   32|   0|   32|          0|
    |temp_output3_0_V_load_7_reg_6995        |   32|   0|   32|          0|
    |temp_output3_0_V_load_8_reg_7010        |   32|   0|   32|          0|
    |temp_output3_0_V_load_9_reg_7015        |   32|   0|   32|          0|
    |temp_output4_0_2_V_1_fu_434             |   32|   0|   32|          0|
    |temp_output4_0_2_V_2_fu_438             |   32|   0|   32|          0|
    |temp_output4_0_2_V_fu_430               |   32|   0|   32|          0|
    |temp_output_0_V_addr_1_reg_5277         |    7|   0|    7|          0|
    |tmp_10_reg_7224                         |   32|   0|   32|          0|
    |tmp_11_reg_7229                         |   32|   0|   32|          0|
    |tmp_12_reg_7259                         |   32|   0|   32|          0|
    |tmp_13_reg_7264                         |   32|   0|   32|          0|
    |tmp_14_reg_7294                         |   32|   0|   32|          0|
    |tmp_15_reg_7299                         |   32|   0|   32|          0|
    |tmp_16_reg_7329                         |   32|   0|   32|          0|
    |tmp_17_reg_7334                         |   32|   0|   32|          0|
    |tmp_18_reg_7364                         |   32|   0|   32|          0|
    |tmp_19_reg_7369                         |   32|   0|   32|          0|
    |tmp_20_reg_7399                         |   32|   0|   32|          0|
    |tmp_25_reg_6158                         |   32|   0|   32|          0|
    |tmp_27_reg_6203                         |   32|   0|   32|          0|
    |tmp_29_reg_6248                         |   32|   0|   32|          0|
    |tmp_31_reg_6293                         |   32|   0|   32|          0|
    |tmp_33_reg_6338                         |   32|   0|   32|          0|
    |tmp_35_reg_6383                         |   32|   0|   32|          0|
    |tmp_37_reg_6428                         |   32|   0|   32|          0|
    |tmp_39_reg_6473                         |   32|   0|   32|          0|
    |tmp_41_reg_6518                         |   32|   0|   32|          0|
    |tmp_43_reg_6563                         |   32|   0|   32|          0|
    |tmp_45_reg_6608                         |   32|   0|   32|          0|
    |tmp_47_reg_6653                         |   32|   0|   32|          0|
    |tmp_49_reg_6698                         |   32|   0|   32|          0|
    |tmp_51_reg_6738                         |   32|   0|   32|          0|
    |tmp_53_reg_6768                         |   32|   0|   32|          0|
    |tmp_55_reg_6788                         |   32|   0|   32|          0|
    |tmp_56_reg_7204                         |   32|   0|   32|          0|
    |tmp_58_reg_7239                         |   32|   0|   32|          0|
    |tmp_5_reg_7159                          |   32|   0|   32|          0|
    |tmp_60_reg_7274                         |   32|   0|   32|          0|
    |tmp_62_reg_7309                         |   32|   0|   32|          0|
    |tmp_64_reg_7344                         |   32|   0|   32|          0|
    |tmp_66_reg_7379                         |   32|   0|   32|          0|
    |tmp_68_reg_7409                         |   32|   0|   32|          0|
    |tmp_6_reg_7164                          |   32|   0|   32|          0|
    |tmp_70_reg_7429                         |   32|   0|   32|          0|
    |tmp_75_reg_5316                         |   31|   0|   31|          0|
    |tmp_79_reg_5505                         |   31|   0|   31|          0|
    |tmp_7_reg_7169                          |   32|   0|   32|          0|
    |tmp_83_reg_6841                         |   31|   0|   31|          0|
    |tmp_8_reg_7189                          |   32|   0|   32|          0|
    |tmp_9_reg_7194                          |   32|   0|   32|          0|
    |tmp_V_2_reg_5476                        |   32|   0|   32|          0|
    |tmp_V_4_reg_6812                        |   32|   0|   32|          0|
    |tmp_V_6_reg_5297                        |   32|   0|   32|          0|
    |tmp_V_6_reg_5297_pp2_iter3_reg          |   32|   0|   32|          0|
    |tmp_V_7_reg_5486                        |   32|   0|   32|          0|
    |tmp_V_7_reg_5486_pp4_iter3_reg          |   32|   0|   32|          0|
    |tmp_V_8_reg_6822                        |   32|   0|   32|          0|
    |tmp_V_8_reg_6822_pp6_iter3_reg          |   32|   0|   32|          0|
    |tmp_V_reg_5287                          |   32|   0|   32|          0|
    |trunc_ln1506_1_reg_5546                 |   52|   0|   52|          0|
    |trunc_ln1506_2_reg_6882                 |   52|   0|   52|          0|
    |trunc_ln565_reg_5119                    |   52|   0|   52|          0|
    |trunc_ln583_reg_5148                    |   32|   0|   32|          0|
    |trunc_ln583_reg_5148_pp0_iter5_reg      |   32|   0|   32|          0|
    |trunc_ln6_reg_5357                      |   52|   0|   52|          0|
    |trunc_ln893_1_reg_5521                  |   11|   0|   11|          0|
    |trunc_ln893_2_reg_6857                  |   11|   0|   11|          0|
    |trunc_ln893_reg_5332                    |   11|   0|   11|          0|
    |trunc_ln897_1_reg_5510                  |    6|   0|    6|          0|
    |trunc_ln897_2_reg_6846                  |    6|   0|    6|          0|
    |trunc_ln897_reg_5321                    |    6|   0|    6|          0|
    |weights_layer1_weights_V_load_reg_5243  |    7|   0|    7|          0|
    |weights_layer2_weights_V_load_reg_5432  |    8|   0|    8|          0|
    |i_cast_reg_5088                         |   64|  32|   64|         54|
    |icmp_ln21_reg_5196                      |   64|  32|    1|          0|
    |icmp_ln25_reg_5200                      |   64|  32|    1|          0|
    |icmp_ln40_reg_5391                      |   64|  32|    1|          0|
    |icmp_ln44_reg_5395                      |   64|  32|    1|          0|
    |icmp_ln571_reg_5124                     |   64|  32|    1|          0|
    |icmp_ln57_reg_6040                      |   64|  32|    1|          0|
    |icmp_ln5_reg_5084                       |   64|  32|    1|          0|
    |icmp_ln885_1_reg_5472                   |   64|  32|    1|          0|
    |icmp_ln885_2_reg_6808                   |   64|  32|    1|          0|
    |icmp_ln885_reg_5283                     |   64|  32|    1|          0|
    |ifzero5_reg_5418                        |   64|  32|    1|          0|
    |ifzero_reg_5224                         |   64|  32|    1|          0|
    |input_img_load_reg_5098                 |   64|  32|   32|          0|
    |j_2_cast_reg_6044                       |   64|  32|   64|         59|
    |j_3_reg_1545                            |   64|  32|    2|          0|
    |p_Result_15_reg_5292                    |   64|  32|    1|          0|
    |p_Result_19_reg_5481                    |   64|  32|    1|          0|
    |p_Result_23_reg_6817                    |   64|  32|    1|          0|
    |select_ln21_1_reg_5212                  |   64|  32|    7|          0|
    |select_ln40_1_reg_5406                  |   64|  32|    6|          0|
    |temp_output2_0_V_addr_1_reg_5466        |   64|  32|    5|          0|
    |temp_output3_0_V_addr_2_reg_6802        |   64|  32|    4|          0|
    |temp_output_0_V_addr_1_reg_5277         |   64|  32|    7|          0|
    |trunc_ln893_1_reg_5521                  |   64|  32|   11|          0|
    |trunc_ln893_2_reg_6857                  |   64|  32|   11|          0|
    |trunc_ln893_reg_5332                    |   64|  32|   11|          0|
    +----------------------------------------+-----+----+-----+-----------+
    |Total                                   |10738| 864| 9362|        226|
    +----------------------------------------+-----+----+-----+-----------+



================================================================
== Interface
================================================================
* Summary: 
+--------------------+-----+-----+------------+--------------+--------------+
|      RTL Ports     | Dir | Bits|  Protocol  | Source Object|    C Type    |
+--------------------+-----+-----+------------+--------------+--------------+
|ap_clk              |   in|    1|  ap_ctrl_hs|  nn_inference|  return value|
|ap_rst              |   in|    1|  ap_ctrl_hs|  nn_inference|  return value|
|ap_start            |   in|    1|  ap_ctrl_hs|  nn_inference|  return value|
|ap_done             |  out|    1|  ap_ctrl_hs|  nn_inference|  return value|
|ap_idle             |  out|    1|  ap_ctrl_hs|  nn_inference|  return value|
|ap_ready            |  out|    1|  ap_ctrl_hs|  nn_inference|  return value|
|ap_return           |  out|   32|  ap_ctrl_hs|  nn_inference|  return value|
|input_img_address0  |  out|   10|   ap_memory|     input_img|         array|
|input_img_ce0       |  out|    1|   ap_memory|     input_img|         array|
|input_img_q0        |   in|   32|   ap_memory|     input_img|         array|
+--------------------+-----+-----+------------+--------------+--------------+

